[
  {
    "@level": "info",
    "@message": "Expanding",
    "@module": "provider.autoflex",
    "autoflex.source.type": "*github.com/hashicorp/terraform-provider-aws/internal/framework/flex.mammalModel",
    "autoflex.target.type": "*github.com/hashicorp/terraform-provider-aws/internal/framework/flex.Mammals"
  },
  {
    "@level": "info",
    "@message": "Converting",
    "@module": "provider.autoflex",
    "autoflex.source.path": "",
    "autoflex.source.type": "github.com/hashicorp/terraform-provider-aws/internal/framework/flex.mammalModel",
    "autoflex.target.path": "",
    "autoflex.target.type": "*github.com/hashicorp/terraform-provider-aws/internal/framework/flex.Mammals"
  },
  {
    "@level": "trace",
    "@message": "TRACE: Found xmlwrapper tag",
    "@module": "provider.autoflex",
    "autoflex.source.fieldname": "Whales",
    "autoflex.source.path": "",
    "autoflex.source.type": "github.com/hashicorp/terraform-provider-aws/internal/framework/flex.mammalModel",
    "autoflex.target.path": "",
    "autoflex.target.type": "*github.com/hashicorp/terraform-provider-aws/internal/framework/flex.Mammals",
    "xmlWrapperField": "Items"
  },
  {
    "@level": "trace",
    "@message": "Matched fields",
    "@module": "provider.autoflex",
    "autoflex.source.fieldname": "Whales",
    "autoflex.source.path": "",
    "autoflex.source.type": "github.com/hashicorp/terraform-provider-aws/internal/framework/flex.mammalModel",
    "autoflex.target.fieldname": "Whales",
    "autoflex.target.path": "",
    "autoflex.target.type": "*github.com/hashicorp/terraform-provider-aws/internal/framework/flex.Mammals"
  },
  {
    "@level": "info",
    "@message": "Converting",
    "@module": "provider.autoflex",
    "autoflex.source.path": "Whales",
    "autoflex.source.type": "github.com/hashicorp/terraform-provider-aws/internal/framework/types.ListValueOf[github.com/hashicorp/terraform-plugin-framework/types/basetypes.StringValue]",
    "autoflex.target.path": "Whales",
    "autoflex.target.type": "*github.com/hashicorp/terraform-provider-aws/internal/framework/flex.Whales"
  }
]