[
  {
    "@level": "info",
    "@message": "Expanding",
    "@module": "provider.autoflex",
    "autoflex.source.type": "github.com/hashicorp/terraform-provider-aws/internal/framework/flex.DirectWrapperTF",
    "autoflex.target.type": "*github.com/hashicorp/terraform-provider-aws/internal/framework/flex.DirectWrapperAWS"
  },
  {
    "@level": "info",
    "@message": "Converting",
    "@module": "provider.autoflex",
    "autoflex.source.path": "",
    "autoflex.source.type": "github.com/hashicorp/terraform-provider-aws/internal/framework/flex.DirectWrapperTF",
    "autoflex.target.path": "",
    "autoflex.target.type": "*github.com/hashicorp/terraform-provider-aws/internal/framework/flex.DirectWrapperAWS"
  },
  {
    "@level": "trace",
    "@message": "Matched fields",
    "@module": "provider.autoflex",
    "autoflex.source.fieldname": "Items",
    "autoflex.source.path": "",
    "autoflex.source.type": "github.com/hashicorp/terraform-provider-aws/internal/framework/flex.DirectWrapperTF",
    "autoflex.target.fieldname": "Items",
    "autoflex.target.path": "",
    "autoflex.target.type": "*github.com/hashicorp/terraform-provider-aws/internal/framework/flex.DirectWrapperAWS"
  },
  {
    "@level": "info",
    "@message": "Converting",
    "@module": "provider.autoflex",
    "autoflex.source.path": "Items",
    "autoflex.source.type": "github.com/hashicorp/terraform-provider-aws/internal/framework/types.SetValueOf[github.com/hashicorp/terraform-plugin-framework/types/basetypes.StringValue]",
    "autoflex.target.path": "Items",
    "autoflex.target.type": "github.com/hashicorp/terraform-provider-aws/internal/framework/flex.DirectXMLWrapper"
  },
  {
    "@level": "trace",
    "@message": "Successfully expanded to XML wrapper",
    "@module": "provider.autoflex",
    "autoflex.source.path": "Items",
    "autoflex.source.type": "github.com/hashicorp/terraform-provider-aws/internal/framework/types.SetValueOf[github.com/hashicorp/terraform-plugin-framework/types/basetypes.StringValue]",
    "autoflex.target.path": "Items",
    "autoflex.target.type": "github.com/hashicorp/terraform-provider-aws/internal/framework/flex.DirectXMLWrapper",
    "items_count": 2,
    "source_type": "basetypes.SetValue",
    "target_type": "flex.DirectXMLWrapper",
    "wrapper_field": "Items"
  }
]