[
  {
    "@level": "info",
    "@message": "Expanding",
    "@module": "provider.autoflex",
    "autoflex.source.type": "*github.com/hashicorp/terraform-provider-aws/internal/framework/flex.birdModel",
    "autoflex.target.type": "*github.com/hashicorp/terraform-provider-aws/internal/framework/flex.Birds"
  },
  {
    "@level": "info",
    "@message": "Converting",
    "@module": "provider.autoflex",
    "autoflex.source.path": "",
    "autoflex.source.type": "github.com/hashicorp/terraform-provider-aws/internal/framework/flex.birdModel",
    "autoflex.target.path": "",
    "autoflex.target.type": "*github.com/hashicorp/terraform-provider-aws/internal/framework/flex.Birds"
  },
  {
    "@level": "trace",
    "@message": "Found XML wrapper collapse target",
    "@module": "provider.autoflex",
    "autoflex.source.path": "",
    "autoflex.source.type": "github.com/hashicorp/terraform-provider-aws/internal/framework/flex.birdModel",
    "autoflex.target.fieldname": "Parrots",
    "autoflex.target.path": "",
    "autoflex.target.type": "flex.Parrots"
  },
  {
    "@level": "trace",
    "@message": "Building generic XML wrapper collapse struct",
    "@module": "provider.autoflex",
    "autoflex.source.path": "",
    "autoflex.source.type": "github.com/hashicorp/terraform-provider-aws/internal/framework/flex.birdModel",
    "autoflex.target.path": "",
    "autoflex.target.type": "*github.com/hashicorp/terraform-provider-aws/internal/framework/flex.Birds",
    "target_type": "flex.Parrots"
  },
  {
    "@level": "trace",
    "@message": "All source collection fields null but no omitempty - will create zero-value struct",
    "@module": "provider.autoflex",
    "autoflex.source.path": "",
    "autoflex.source.type": "github.com/hashicorp/terraform-provider-aws/internal/framework/flex.birdModel",
    "autoflex.target.path": "",
    "autoflex.target.type": "*github.com/hashicorp/terraform-provider-aws/internal/framework/flex.Birds"
  },
  {
    "@level": "trace",
    "@message": "Identified main source field",
    "@module": "provider.autoflex",
    "autoflex.source.path": "",
    "autoflex.source.type": "github.com/hashicorp/terraform-provider-aws/internal/framework/flex.birdModel",
    "autoflex.target.path": "",
    "autoflex.target.type": "*github.com/hashicorp/terraform-provider-aws/internal/framework/flex.Birds",
    "main_source_field": ""
  },
  {
    "@level": "trace",
    "@message": "Processing additional target field",
    "@module": "provider.autoflex",
    "autoflex.source.path": "",
    "autoflex.source.type": "github.com/hashicorp/terraform-provider-aws/internal/framework/flex.birdModel",
    "autoflex.target.path": "",
    "autoflex.target.type": "*github.com/hashicorp/terraform-provider-aws/internal/framework/flex.Birds",
    "target_field": "Flying",
    "target_type": "*bool"
  },
  {
    "@level": "debug",
    "@message": "No source field found for target field",
    "@module": "provider.autoflex",
    "autoflex.source.path": "",
    "autoflex.source.type": "github.com/hashicorp/terraform-provider-aws/internal/framework/flex.birdModel",
    "autoflex.target.path": "",
    "autoflex.target.type": "*github.com/hashicorp/terraform-provider-aws/internal/framework/flex.Birds",
    "target_field": "Flying"
  },
  {
    "@level": "trace",
    "@message": "Successfully built generic XML wrapper collapse struct",
    "@module": "provider.autoflex",
    "autoflex.source.path": "",
    "autoflex.source.type": "github.com/hashicorp/terraform-provider-aws/internal/framework/flex.birdModel",
    "autoflex.target.path": "",
    "autoflex.target.type": "*github.com/hashicorp/terraform-provider-aws/internal/framework/flex.Birds"
  },
  {
    "@level": "trace",
    "@message": "Matched fields",
    "@module": "provider.autoflex",
    "autoflex.source.fieldname": "Parrot",
    "autoflex.source.path": "",
    "autoflex.source.type": "github.com/hashicorp/terraform-provider-aws/internal/framework/flex.birdModel",
    "autoflex.target.fieldname": "Parrots",
    "autoflex.target.path": "",
    "autoflex.target.type": "*github.com/hashicorp/terraform-provider-aws/internal/framework/flex.Birds"
  },
  {
    "@level": "info",
    "@message": "Converting",
    "@module": "provider.autoflex",
    "autoflex.source.path": "Parrot",
    "autoflex.source.type": "github.com/hashicorp/terraform-provider-aws/internal/framework/types.ListNestedObjectValueOf[github.com/hashicorp/terraform-provider-aws/internal/framework/flex.parrotModel·78]",
    "autoflex.target.path": "Parrots",
    "autoflex.target.type": "*github.com/hashicorp/terraform-provider-aws/internal/framework/flex.Parrots"
  },
  {
    "@level": "debug",
    "@message": "Source is null but target is XML wrapper without omitempty - creating zero-value struct",
    "@module": "provider.autoflex",
    "autoflex.source.path": "Parrot",
    "autoflex.source.type": "github.com/hashicorp/terraform-provider-aws/internal/framework/types.ListNestedObjectValueOf[github.com/hashicorp/terraform-provider-aws/internal/framework/flex.parrotModel·78]",
    "autoflex.target.path": "Parrots",
    "autoflex.target.type": "*github.com/hashicorp/terraform-provider-aws/internal/framework/flex.Parrots"
  }
]