[
  {
    "@level": "info",
    "@message": "Expanding",
    "@module": "provider.autoflex",
    "autoflex.source.type": "*github.com/hashicorp/terraform-provider-aws/internal/framework/flex.tfModel",
    "autoflex.target.type": "*github.com/hashicorp/terraform-provider-aws/internal/framework/flex.awsModel"
  },
  {
    "@level": "info",
    "@message": "Converting",
    "@module": "provider.autoflex",
    "autoflex.source.path": "",
    "autoflex.source.type": "github.com/hashicorp/terraform-provider-aws/internal/framework/flex.tfModel",
    "autoflex.target.path": "",
    "autoflex.target.type": "*github.com/hashicorp/terraform-provider-aws/internal/framework/flex.awsModel"
  },
  {
    "@level": "trace",
    "@message": "TRACE: Found xmlwrapper tag",
    "@module": "provider.autoflex",
    "autoflex.source.fieldname": "Field",
    "autoflex.source.path": "",
    "autoflex.source.type": "github.com/hashicorp/terraform-provider-aws/internal/framework/flex.tfModel",
    "autoflex.target.path": "",
    "autoflex.target.type": "*github.com/hashicorp/terraform-provider-aws/internal/framework/flex.awsModel",
    "xmlWrapperField": "Items"
  },
  {
    "@level": "trace",
    "@message": "Matched fields",
    "@module": "provider.autoflex",
    "autoflex.source.fieldname": "Field",
    "autoflex.source.path": "",
    "autoflex.source.type": "github.com/hashicorp/terraform-provider-aws/internal/framework/flex.tfModel",
    "autoflex.target.fieldname": "Field",
    "autoflex.target.path": "",
    "autoflex.target.type": "*github.com/hashicorp/terraform-provider-aws/internal/framework/flex.awsModel"
  },
  {
    "@level": "info",
    "@message": "Converting",
    "@module": "provider.autoflex",
    "autoflex.source.path": "Field",
    "autoflex.source.type": "github.com/hashicorp/terraform-provider-aws/internal/framework/types.SetNestedObjectValueOf[github.com/hashicorp/terraform-provider-aws/internal/framework/flex.testStructItemModel]",
    "autoflex.target.path": "Field",
    "autoflex.target.type": "*github.com/hashicorp/terraform-provider-aws/internal/framework/flex.testXMLWrapperStruct"
  },
  {
    "@level": "trace",
    "@message": "TRACE: nestedObjectCollection entry",
    "@module": "provider.autoflex",
    "autoflex.source.path": "Field",
    "autoflex.source.type": "github.com/hashicorp/terraform-provider-aws/internal/framework/types.SetNestedObjectValueOf[github.com/hashicorp/terraform-provider-aws/internal/framework/flex.testStructItemModel]",
    "autoflex.target.path": "Field",
    "autoflex.target.type": "*github.com/hashicorp/terraform-provider-aws/internal/framework/flex.testXMLWrapperStruct",
    "xmlWrapper": true,
    "xmlWrapperField": "Items"
  },
  {
    "@level": "trace",
    "@message": "Expanding NestedObjectCollection to XML wrapper",
    "@module": "provider.autoflex",
    "autoflex.source.path": "Field",
    "autoflex.source.type": "github.com/hashicorp/terraform-provider-aws/internal/framework/types.SetNestedObjectValueOf[github.com/hashicorp/terraform-provider-aws/internal/framework/flex.testStructItemModel]",
    "autoflex.target.path": "Field",
    "autoflex.target.type": "*github.com/hashicorp/terraform-provider-aws/internal/framework/flex.testXMLWrapperStruct"
  },
  {
    "@level": "trace",
    "@message": "TRACE: Checking for Rule 2 pattern",
    "@module": "provider.autoflex",
    "autoflex.source.path": "Field",
    "autoflex.source.type": "github.com/hashicorp/terraform-provider-aws/internal/framework/types.SetNestedObjectValueOf[github.com/hashicorp/terraform-provider-aws/internal/framework/flex.testStructItemModel]",
    "autoflex.target.path": "Field",
    "autoflex.target.type": "*github.com/hashicorp/terraform-provider-aws/internal/framework/flex.testXMLWrapperStruct",
    "fromSlice_len": 1,
    "nested_kind": "ptr"
  },
  {
    "@level": "trace",
    "@message": "TRACE: Using Rule 1 - direct collection to XML wrapper",
    "@module": "provider.autoflex",
    "autoflex.source.path": "Field",
    "autoflex.source.type": "github.com/hashicorp/terraform-provider-aws/internal/framework/types.SetNestedObjectValueOf[github.com/hashicorp/terraform-provider-aws/internal/framework/flex.testStructItemModel]",
    "autoflex.target.path": "Field",
    "autoflex.target.type": "*github.com/hashicorp/terraform-provider-aws/internal/framework/flex.testXMLWrapperStruct"
  },
  {
    "@level": "trace",
    "@message": "Expanding Rule 1 XML wrapper (direct collection)",
    "@module": "provider.autoflex",
    "autoflex.source.path": "Field",
    "autoflex.source.type": "github.com/hashicorp/terraform-provider-aws/internal/framework/types.SetNestedObjectValueOf[github.com/hashicorp/terraform-provider-aws/internal/framework/flex.testStructItemModel]",
    "autoflex.target.path": "Field",
    "autoflex.target.type": "*github.com/hashicorp/terraform-provider-aws/internal/framework/flex.testXMLWrapperStruct"
  },
  {
    "@level": "trace",
    "@message": "Converting nested objects to items",
    "@module": "provider.autoflex",
    "autoflex.source.path": "Field",
    "autoflex.source.type": "github.com/hashicorp/terraform-provider-aws/internal/framework/types.SetNestedObjectValueOf[github.com/hashicorp/terraform-provider-aws/internal/framework/flex.testStructItemModel]",
    "autoflex.target.path": "Field",
    "autoflex.target.type": "*github.com/hashicorp/terraform-provider-aws/internal/framework/flex.testXMLWrapperStruct",
    "items_count": 1,
    "items_type": "[]flex.testStructItem"
  },
  {
    "@level": "info",
    "@message": "Converting",
    "@module": "provider.autoflex",
    "autoflex.source.path": "",
    "autoflex.source.type": "github.com/hashicorp/terraform-provider-aws/internal/framework/flex.testStructItemModel",
    "autoflex.target.path": "",
    "autoflex.target.type": "*github.com/hashicorp/terraform-provider-aws/internal/framework/flex.testStructItem"
  },
  {
    "@level": "trace",
    "@message": "Matched fields",
    "@module": "provider.autoflex",
    "autoflex.source.fieldname": "Name",
    "autoflex.source.path": "",
    "autoflex.source.type": "github.com/hashicorp/terraform-provider-aws/internal/framework/flex.testStructItemModel",
    "autoflex.target.fieldname": "Name",
    "autoflex.target.path": "",
    "autoflex.target.type": "*github.com/hashicorp/terraform-provider-aws/internal/framework/flex.testStructItem"
  },
  {
    "@level": "info",
    "@message": "Converting",
    "@module": "provider.autoflex",
    "autoflex.source.path": "Name",
    "autoflex.source.type": "github.com/hashicorp/terraform-plugin-framework/types/basetypes.StringValue",
    "autoflex.target.path": "Name",
    "autoflex.target.type": "*string"
  },
  {
    "@level": "trace",
    "@message": "Matched fields",
    "@module": "provider.autoflex",
    "autoflex.source.fieldname": "Value",
    "autoflex.source.path": "",
    "autoflex.source.type": "github.com/hashicorp/terraform-provider-aws/internal/framework/flex.testStructItemModel",
    "autoflex.target.fieldname": "Value",
    "autoflex.target.path": "",
    "autoflex.target.type": "*github.com/hashicorp/terraform-provider-aws/internal/framework/flex.testStructItem"
  },
  {
    "@level": "info",
    "@message": "Converting",
    "@module": "provider.autoflex",
    "autoflex.source.path": "Value",
    "autoflex.source.type": "github.com/hashicorp/terraform-plugin-framework/types/basetypes.Int32Value",
    "autoflex.target.path": "Value",
    "autoflex.target.type": "*int32"
  }
]