[
  {
    "@level": "info",
    "@message": "Expanding",
    "@module": "provider.autoflex",
    "autoflex.source.type": "",
    "autoflex.target.type": "*github.com/hashicorp/terraform-provider-aws/internal/framework/flex.DefaultCacheBehavior"
  },
  {
    "@level": "info",
    "@message": "Converting",
    "@module": "provider.autoflex",
    "autoflex.source.path": "",
    "autoflex.source.type": "",
    "autoflex.target.path": "",
    "autoflex.target.type": "*github.com/hashicorp/terraform-provider-aws/internal/framework/flex.DefaultCacheBehavior"
  },
  {
    "@level": "trace",
    "@message": "Found XML wrapper collapse target",
    "@module": "provider.autoflex",
    "autoflex.source.path": "",
    "autoflex.source.type": "",
    "autoflex.target.fieldname": "AllowedMethods",
    "autoflex.target.path": "",
    "autoflex.target.type": "flex.AllowedMethods"
  },
  {
    "@level": "trace",
    "@message": "Building generic XML wrapper collapse struct",
    "@module": "provider.autoflex",
    "autoflex.source.path": "",
    "autoflex.source.type": "",
    "autoflex.target.path": "",
    "autoflex.target.type": "*github.com/hashicorp/terraform-provider-aws/internal/framework/flex.DefaultCacheBehavior",
    "target_type": "flex.AllowedMethods"
  },
  {
    "@level": "trace",
    "@message": "Identified main source field",
    "@module": "provider.autoflex",
    "autoflex.source.path": "",
    "autoflex.source.type": "",
    "autoflex.target.path": "",
    "autoflex.target.type": "*github.com/hashicorp/terraform-provider-aws/internal/framework/flex.DefaultCacheBehavior",
    "main_source_field": ""
  },
  {
    "@level": "trace",
    "@message": "Processing additional target field",
    "@module": "provider.autoflex",
    "autoflex.source.path": "",
    "autoflex.source.type": "",
    "autoflex.target.path": "",
    "autoflex.target.type": "*github.com/hashicorp/terraform-provider-aws/internal/framework/flex.DefaultCacheBehavior",
    "target_field": "CachedMethods",
    "target_type": "*flex.CachedMethods"
  },
  {
    "@level": "debug",
    "@message": "No source field found for target field",
    "@module": "provider.autoflex",
    "autoflex.source.path": "",
    "autoflex.source.type": "",
    "autoflex.target.path": "",
    "autoflex.target.type": "*github.com/hashicorp/terraform-provider-aws/internal/framework/flex.DefaultCacheBehavior",
    "target_field": "CachedMethods"
  },
  {
    "@level": "debug",
    "@message": "No source fields found for XML wrapper collapse target - leaving as nil/zero value",
    "@module": "provider.autoflex",
    "autoflex.source.path": "",
    "autoflex.source.type": "",
    "autoflex.target.path": "",
    "autoflex.target.type": "*github.com/hashicorp/terraform-provider-aws/internal/framework/flex.DefaultCacheBehavior"
  },
  {
    "@level": "trace",
    "@message": "Found XML wrapper collapse target",
    "@module": "provider.autoflex",
    "autoflex.source.path": "",
    "autoflex.source.type": "",
    "autoflex.target.fieldname": "TrustedKeyGroups",
    "autoflex.target.path": "",
    "autoflex.target.type": "flex.TrustedKeyGroups"
  },
  {
    "@level": "trace",
    "@message": "Building generic XML wrapper collapse struct",
    "@module": "provider.autoflex",
    "autoflex.source.path": "",
    "autoflex.source.type": "",
    "autoflex.target.path": "",
    "autoflex.target.type": "*github.com/hashicorp/terraform-provider-aws/internal/framework/flex.DefaultCacheBehavior",
    "target_type": "flex.TrustedKeyGroups"
  },
  {
    "@level": "trace",
    "@message": "Identified main source field",
    "@module": "provider.autoflex",
    "autoflex.source.path": "",
    "autoflex.source.type": "",
    "autoflex.target.path": "",
    "autoflex.target.type": "*github.com/hashicorp/terraform-provider-aws/internal/framework/flex.DefaultCacheBehavior",
    "main_source_field": "TrustedKeyGroups"
  },
  {
    "@level": "trace",
    "@message": "Processing additional target field",
    "@module": "provider.autoflex",
    "autoflex.source.path": "",
    "autoflex.source.type": "",
    "autoflex.target.path": "",
    "autoflex.target.type": "*github.com/hashicorp/terraform-provider-aws/internal/framework/flex.DefaultCacheBehavior",
    "target_field": "Enabled",
    "target_type": "*bool"
  },
  {
    "@level": "debug",
    "@message": "No source field found for target field",
    "@module": "provider.autoflex",
    "autoflex.source.path": "",
    "autoflex.source.type": "",
    "autoflex.target.path": "",
    "autoflex.target.type": "*github.com/hashicorp/terraform-provider-aws/internal/framework/flex.DefaultCacheBehavior",
    "target_field": "Enabled"
  },
  {
    "@level": "trace",
    "@message": "Successfully built generic XML wrapper collapse struct",
    "@module": "provider.autoflex",
    "autoflex.source.path": "",
    "autoflex.source.type": "",
    "autoflex.target.path": "",
    "autoflex.target.type": "*github.com/hashicorp/terraform-provider-aws/internal/framework/flex.DefaultCacheBehavior"
  },
  {
    "@level": "trace",
    "@message": "Found XML wrapper collapse target",
    "@module": "provider.autoflex",
    "autoflex.source.path": "",
    "autoflex.source.type": "",
    "autoflex.target.fieldname": "TrustedSigners",
    "autoflex.target.path": "",
    "autoflex.target.type": "flex.TrustedSigners"
  },
  {
    "@level": "trace",
    "@message": "Building generic XML wrapper collapse struct",
    "@module": "provider.autoflex",
    "autoflex.source.path": "",
    "autoflex.source.type": "",
    "autoflex.target.path": "",
    "autoflex.target.type": "*github.com/hashicorp/terraform-provider-aws/internal/framework/flex.DefaultCacheBehavior",
    "target_type": "flex.TrustedSigners"
  },
  {
    "@level": "trace",
    "@message": "Identified main source field",
    "@module": "provider.autoflex",
    "autoflex.source.path": "",
    "autoflex.source.type": "",
    "autoflex.target.path": "",
    "autoflex.target.type": "*github.com/hashicorp/terraform-provider-aws/internal/framework/flex.DefaultCacheBehavior",
    "main_source_field": "TrustedSigners"
  },
  {
    "@level": "trace",
    "@message": "Processing additional target field",
    "@module": "provider.autoflex",
    "autoflex.source.path": "",
    "autoflex.source.type": "",
    "autoflex.target.path": "",
    "autoflex.target.type": "*github.com/hashicorp/terraform-provider-aws/internal/framework/flex.DefaultCacheBehavior",
    "target_field": "Enabled",
    "target_type": "*bool"
  },
  {
    "@level": "debug",
    "@message": "No source field found for target field",
    "@module": "provider.autoflex",
    "autoflex.source.path": "",
    "autoflex.source.type": "",
    "autoflex.target.path": "",
    "autoflex.target.type": "*github.com/hashicorp/terraform-provider-aws/internal/framework/flex.DefaultCacheBehavior",
    "target_field": "Enabled"
  },
  {
    "@level": "trace",
    "@message": "Successfully built generic XML wrapper collapse struct",
    "@module": "provider.autoflex",
    "autoflex.source.path": "",
    "autoflex.source.type": "",
    "autoflex.target.path": "",
    "autoflex.target.type": "*github.com/hashicorp/terraform-provider-aws/internal/framework/flex.DefaultCacheBehavior"
  },
  {
    "@level": "debug",
    "@message": "No corresponding field",
    "@module": "provider.autoflex",
    "autoflex.source.fieldname": "Comment",
    "autoflex.source.path": "",
    "autoflex.source.type": "",
    "autoflex.target.path": "",
    "autoflex.target.type": "*github.com/hashicorp/terraform-provider-aws/internal/framework/flex.DefaultCacheBehavior"
  },
  {
    "@level": "trace",
    "@message": "Matched fields",
    "@module": "provider.autoflex",
    "autoflex.source.fieldname": "TargetOriginId",
    "autoflex.source.path": "",
    "autoflex.source.type": "",
    "autoflex.target.fieldname": "TargetOriginId",
    "autoflex.target.path": "",
    "autoflex.target.type": "*github.com/hashicorp/terraform-provider-aws/internal/framework/flex.DefaultCacheBehavior"
  },
  {
    "@level": "info",
    "@message": "Converting",
    "@module": "provider.autoflex",
    "autoflex.source.path": "TargetOriginId",
    "autoflex.source.type": "github.com/hashicorp/terraform-plugin-framework/types/basetypes.StringValue",
    "autoflex.target.path": "TargetOriginId",
    "autoflex.target.type": "*string"
  },
  {
    "@level": "trace",
    "@message": "Matched fields",
    "@module": "provider.autoflex",
    "autoflex.source.fieldname": "ViewerProtocolPolicy",
    "autoflex.source.path": "",
    "autoflex.source.type": "",
    "autoflex.target.fieldname": "ViewerProtocolPolicy",
    "autoflex.target.path": "",
    "autoflex.target.type": "*github.com/hashicorp/terraform-provider-aws/internal/framework/flex.DefaultCacheBehavior"
  },
  {
    "@level": "info",
    "@message": "Converting",
    "@module": "provider.autoflex",
    "autoflex.source.path": "ViewerProtocolPolicy",
    "autoflex.source.type": "github.com/hashicorp/terraform-provider-aws/internal/framework/types.StringEnum[github.com/hashicorp/terraform-provider-aws/internal/framework/flex.ViewerProtocolPolicy]",
    "autoflex.target.path": "ViewerProtocolPolicy",
    "autoflex.target.type": "github.com/hashicorp/terraform-provider-aws/internal/framework/flex.ViewerProtocolPolicy"
  },
  {
    "@level": "trace",
    "@message": "Skipping field already processed by XML wrapper collapse",
    "@module": "provider.autoflex",
    "autoflex.source.fieldname": "TrustedSigners",
    "autoflex.source.path": "",
    "autoflex.source.type": "",
    "autoflex.target.path": "",
    "autoflex.target.type": "*github.com/hashicorp/terraform-provider-aws/internal/framework/flex.DefaultCacheBehavior"
  },
  {
    "@level": "trace",
    "@message": "Skipping field already processed by XML wrapper collapse",
    "@module": "provider.autoflex",
    "autoflex.source.fieldname": "TrustedKeyGroups",
    "autoflex.source.path": "",
    "autoflex.source.type": "",
    "autoflex.target.path": "",
    "autoflex.target.type": "*github.com/hashicorp/terraform-provider-aws/internal/framework/flex.DefaultCacheBehavior"
  }
]