[
  {
    "@level": "info",
    "@message": "Expanding",
    "@module": "provider.autoflex",
    "autoflex.source.type": "*github.com/hashicorp/terraform-provider-aws/internal/framework/flex.treeModel",
    "autoflex.target.type": "*github.com/hashicorp/terraform-provider-aws/internal/framework/flex.Trees"
  },
  {
    "@level": "info",
    "@message": "Converting",
    "@module": "provider.autoflex",
    "autoflex.source.path": "",
    "autoflex.source.type": "github.com/hashicorp/terraform-provider-aws/internal/framework/flex.treeModel",
    "autoflex.target.path": "",
    "autoflex.target.type": "*github.com/hashicorp/terraform-provider-aws/internal/framework/flex.Trees"
  },
  {
    "@level": "trace",
    "@message": "Found XML wrapper collapse target",
    "@module": "provider.autoflex",
    "autoflex.source.path": "",
    "autoflex.source.type": "github.com/hashicorp/terraform-provider-aws/internal/framework/flex.treeModel",
    "autoflex.target.fieldname": "Oaks",
    "autoflex.target.path": "",
    "autoflex.target.type": "flex.Oaks"
  },
  {
    "@level": "trace",
    "@message": "Building generic XML wrapper collapse struct",
    "@module": "provider.autoflex",
    "autoflex.source.path": "",
    "autoflex.source.type": "github.com/hashicorp/terraform-provider-aws/internal/framework/flex.treeModel",
    "autoflex.target.path": "",
    "autoflex.target.type": "*github.com/hashicorp/terraform-provider-aws/internal/framework/flex.Trees",
    "target_type": "flex.Oaks"
  },
  {
    "@level": "trace",
    "@message": "Identified main source field",
    "@module": "provider.autoflex",
    "autoflex.source.path": "",
    "autoflex.source.type": "github.com/hashicorp/terraform-provider-aws/internal/framework/flex.treeModel",
    "autoflex.target.path": "",
    "autoflex.target.type": "*github.com/hashicorp/terraform-provider-aws/internal/framework/flex.Trees",
    "main_source_field": ""
  },
  {
    "@level": "trace",
    "@message": "Processing additional target field",
    "@module": "provider.autoflex",
    "autoflex.source.path": "",
    "autoflex.source.type": "github.com/hashicorp/terraform-provider-aws/internal/framework/flex.treeModel",
    "autoflex.target.path": "",
    "autoflex.target.type": "*github.com/hashicorp/terraform-provider-aws/internal/framework/flex.Trees",
    "target_field": "Diseased",
    "target_type": "*bool"
  },
  {
    "@level": "debug",
    "@message": "No source field found for target field",
    "@module": "provider.autoflex",
    "autoflex.source.path": "",
    "autoflex.source.type": "github.com/hashicorp/terraform-provider-aws/internal/framework/flex.treeModel",
    "autoflex.target.path": "",
    "autoflex.target.type": "*github.com/hashicorp/terraform-provider-aws/internal/framework/flex.Trees",
    "target_field": "Diseased"
  },
  {
    "@level": "debug",
    "@message": "No source fields found for XML wrapper collapse target - leaving as nil/zero value",
    "@module": "provider.autoflex",
    "autoflex.source.path": "",
    "autoflex.source.type": "github.com/hashicorp/terraform-provider-aws/internal/framework/flex.treeModel",
    "autoflex.target.path": "",
    "autoflex.target.type": "*github.com/hashicorp/terraform-provider-aws/internal/framework/flex.Trees"
  },
  {
    "@level": "trace",
    "@message": "Matched fields",
    "@module": "provider.autoflex",
    "autoflex.source.fieldname": "Oak",
    "autoflex.source.path": "",
    "autoflex.source.type": "github.com/hashicorp/terraform-provider-aws/internal/framework/flex.treeModel",
    "autoflex.target.fieldname": "Oaks",
    "autoflex.target.path": "",
    "autoflex.target.type": "*github.com/hashicorp/terraform-provider-aws/internal/framework/flex.Trees"
  },
  {
    "@level": "info",
    "@message": "Converting",
    "@module": "provider.autoflex",
    "autoflex.source.path": "Oak",
    "autoflex.source.type": "github.com/hashicorp/terraform-provider-aws/internal/framework/types.ListNestedObjectValueOf[github.com/hashicorp/terraform-provider-aws/internal/framework/flex.oakModel·84]",
    "autoflex.target.path": "Oaks",
    "autoflex.target.type": "*github.com/hashicorp/terraform-provider-aws/internal/framework/flex.Oaks"
  },
  {
    "@level": "trace",
    "@message": "TRACE: nestedObjectCollection entry",
    "@module": "provider.autoflex",
    "autoflex.source.path": "Oak",
    "autoflex.source.type": "github.com/hashicorp/terraform-provider-aws/internal/framework/types.ListNestedObjectValueOf[github.com/hashicorp/terraform-provider-aws/internal/framework/flex.oakModel·84]",
    "autoflex.target.path": "Oaks",
    "autoflex.target.type": "*github.com/hashicorp/terraform-provider-aws/internal/framework/flex.Oaks",
    "xmlWrapper": false,
    "xmlWrapperField": ""
  },
  {
    "@level": "trace",
    "@message": "Matched fields",
    "@module": "provider.autoflex",
    "autoflex.source.fieldname": "Diseased",
    "autoflex.source.path": "Oak[0]",
    "autoflex.source.type": "github.com/hashicorp/terraform-provider-aws/internal/framework/flex.oakModel",
    "autoflex.target.fieldname": "Diseased",
    "autoflex.target.path": "Oaks",
    "autoflex.target.type": "*github.com/hashicorp/terraform-provider-aws/internal/framework/flex.Oaks"
  },
  {
    "@level": "info",
    "@message": "Converting",
    "@module": "provider.autoflex",
    "autoflex.source.path": "Oak[0].Diseased",
    "autoflex.source.type": "github.com/hashicorp/terraform-plugin-framework/types/basetypes.BoolValue",
    "autoflex.target.path": "Oaks.Diseased",
    "autoflex.target.type": "*bool"
  },
  {
    "@level": "trace",
    "@message": "TRACE: Found xmlwrapper tag",
    "@module": "provider.autoflex",
    "autoflex.source.fieldname": "Item",
    "autoflex.source.path": "Oak[0]",
    "autoflex.source.type": "github.com/hashicorp/terraform-provider-aws/internal/framework/flex.oakModel",
    "autoflex.target.path": "Oaks",
    "autoflex.target.type": "*github.com/hashicorp/terraform-provider-aws/internal/framework/flex.Oaks",
    "xmlWrapperField": "Items"
  },
  {
    "@level": "trace",
    "@message": "Matched fields",
    "@module": "provider.autoflex",
    "autoflex.source.fieldname": "Item",
    "autoflex.source.path": "Oak[0]",
    "autoflex.source.type": "github.com/hashicorp/terraform-provider-aws/internal/framework/flex.oakModel",
    "autoflex.target.fieldname": "Items",
    "autoflex.target.path": "Oaks",
    "autoflex.target.type": "*github.com/hashicorp/terraform-provider-aws/internal/framework/flex.Oaks"
  },
  {
    "@level": "info",
    "@message": "Converting",
    "@module": "provider.autoflex",
    "autoflex.source.path": "Oak[0].Item",
    "autoflex.source.type": "github.com/hashicorp/terraform-provider-aws/internal/framework/types.ListNestedObjectValueOf[github.com/hashicorp/terraform-provider-aws/internal/framework/flex.oakItemModel·83]",
    "autoflex.target.path": "Oaks.Items",
    "autoflex.target.type": "[]github.com/hashicorp/terraform-provider-aws/internal/framework/flex.Oak"
  },
  {
    "@level": "trace",
    "@message": "TRACE: nestedObjectCollection entry",
    "@module": "provider.autoflex",
    "autoflex.source.path": "Oak[0].Item",
    "autoflex.source.type": "github.com/hashicorp/terraform-provider-aws/internal/framework/types.ListNestedObjectValueOf[github.com/hashicorp/terraform-provider-aws/internal/framework/flex.oakItemModel·83]",
    "autoflex.target.path": "Oaks.Items",
    "autoflex.target.type": "[]github.com/hashicorp/terraform-provider-aws/internal/framework/flex.Oak",
    "xmlWrapper": true,
    "xmlWrapperField": "Items"
  },
  {
    "@level": "trace",
    "@message": "Expanding nested object collection",
    "@module": "provider.autoflex",
    "autoflex.source.path": "Oak[0].Item",
    "autoflex.source.size": 1,
    "autoflex.source.type": "github.com/hashicorp/terraform-provider-aws/internal/framework/types.ListNestedObjectValueOf[github.com/hashicorp/terraform-provider-aws/internal/framework/flex.oakItemModel·83]",
    "autoflex.target.path": "Oaks.Items",
    "autoflex.target.type": "[]github.com/hashicorp/terraform-provider-aws/internal/framework/flex.Oak"
  },
  {
    "@level": "trace",
    "@message": "Matched fields",
    "@module": "provider.autoflex",
    "autoflex.source.fieldname": "Species",
    "autoflex.source.path": "Oak[0].Item[0]",
    "autoflex.source.type": "github.com/hashicorp/terraform-provider-aws/internal/framework/flex.oakItemModel",
    "autoflex.target.fieldname": "Species",
    "autoflex.target.path": "Oaks.Items[0]",
    "autoflex.target.type": "*github.com/hashicorp/terraform-provider-aws/internal/framework/flex.Oak"
  },
  {
    "@level": "info",
    "@message": "Converting",
    "@module": "provider.autoflex",
    "autoflex.source.path": "Oak[0].Item[0].Species",
    "autoflex.source.type": "github.com/hashicorp/terraform-plugin-framework/types/basetypes.StringValue",
    "autoflex.target.path": "Oaks.Items[0].Species",
    "autoflex.target.type": "*string"
  },
  {
    "@level": "trace",
    "@message": "Matched fields",
    "@module": "provider.autoflex",
    "autoflex.source.fieldname": "Age",
    "autoflex.source.path": "Oak[0].Item[0]",
    "autoflex.source.type": "github.com/hashicorp/terraform-provider-aws/internal/framework/flex.oakItemModel",
    "autoflex.target.fieldname": "Age",
    "autoflex.target.path": "Oaks.Items[0]",
    "autoflex.target.type": "*github.com/hashicorp/terraform-provider-aws/internal/framework/flex.Oak"
  },
  {
    "@level": "info",
    "@message": "Converting",
    "@module": "provider.autoflex",
    "autoflex.source.path": "Oak[0].Item[0].Age",
    "autoflex.source.type": "github.com/hashicorp/terraform-plugin-framework/types/basetypes.Int64Value",
    "autoflex.target.path": "Oaks.Items[0].Age",
    "autoflex.target.type": "*int32"
  }
]