[
  {
    "@level": "info",
    "@message": "Flattening",
    "@module": "provider.autoflex",
    "autoflex.source.type": "*github.com/hashicorp/terraform-provider-aws/internal/framework/flex.awsJSONStringer",
    "autoflex.target.type": "*github.com/hashicorp/terraform-provider-aws/internal/framework/flex.tfJSONStringer"
  },
  {
    "@level": "trace",
    "@message": "Source is not XML wrapper struct",
    "@module": "provider.autoflex",
    "autoflex.source.path": "",
    "autoflex.source.type": "github.com/hashicorp/terraform-provider-aws/internal/framework/flex.awsJSONStringer",
    "autoflex.target.path": "",
    "autoflex.target.type": "*github.com/hashicorp/terraform-provider-aws/internal/framework/flex.tfJSONStringer"
  },
  {
    "@level": "info",
    "@message": "Converting",
    "@module": "provider.autoflex",
    "autoflex.source.path": "",
    "autoflex.source.type": "github.com/hashicorp/terraform-provider-aws/internal/framework/flex.awsJSONStringer",
    "autoflex.target.path": "",
    "autoflex.target.type": "*github.com/hashicorp/terraform-provider-aws/internal/framework/flex.tfJSONStringer"
  },
  {
    "@level": "trace",
    "@message": "Matched fields",
    "@module": "provider.autoflex",
    "autoflex.source.fieldname": "Field1",
    "autoflex.source.path": "",
    "autoflex.source.type": "github.com/hashicorp/terraform-provider-aws/internal/framework/flex.awsJSONStringer",
    "autoflex.target.fieldname": "Field1",
    "autoflex.target.path": "",
    "autoflex.target.type": "*github.com/hashicorp/terraform-provider-aws/internal/framework/flex.tfJSONStringer"
  },
  {
    "@level": "info",
    "@message": "Converting",
    "@module": "provider.autoflex",
    "autoflex.source.path": "Field1",
    "autoflex.source.type": "github.com/hashicorp/terraform-provider-aws/internal/smithy.JSONStringer",
    "autoflex.target.path": "Field1",
    "autoflex.target.type": "github.com/hashicorp/terraform-provider-aws/internal/framework/types.SmithyJSON[github.com/hashicorp/terraform-provider-aws/internal/smithy.JSONStringer]"
  },
  {
    "@level": "info",
    "@message": "Source implements smithydocument.Marshaler",
    "@module": "provider.autoflex",
    "autoflex.source.path": "Field1",
    "autoflex.source.type": "github.com/hashicorp/terraform-provider-aws/internal/smithy.JSONStringer",
    "autoflex.target.path": "Field1",
    "autoflex.target.type": "github.com/hashicorp/terraform-provider-aws/internal/framework/types.SmithyJSON[github.com/hashicorp/terraform-provider-aws/internal/smithy.JSONStringer]"
  },
  {
    "@level": "trace",
    "@message": "Flattening null value",
    "@module": "provider.autoflex",
    "autoflex.source.path": "Field1",
    "autoflex.source.type": "github.com/hashicorp/terraform-provider-aws/internal/smithy.JSONStringer",
    "autoflex.target.path": "Field1",
    "autoflex.target.type": "github.com/hashicorp/terraform-provider-aws/internal/framework/types.SmithyJSON[github.com/hashicorp/terraform-provider-aws/internal/smithy.JSONStringer]"
  }
]