[
  {
    "@level": "info",
    "@message": "Expanding",
    "@module": "provider.autoflex",
    "autoflex.source.type": "github.com/hashicorp/terraform-provider-aws/internal/framework/flex.DistributionConfigTF",
    "autoflex.target.type": "*github.com/hashicorp/terraform-provider-aws/internal/framework/flex.DistributionConfigAWS"
  },
  {
    "@level": "info",
    "@message": "Converting",
    "@module": "provider.autoflex",
    "autoflex.source.path": "",
    "autoflex.source.type": "github.com/hashicorp/terraform-provider-aws/internal/framework/flex.DistributionConfigTF",
    "autoflex.target.path": "",
    "autoflex.target.type": "*github.com/hashicorp/terraform-provider-aws/internal/framework/flex.DistributionConfigAWS"
  },
  {
    "@level": "trace",
    "@message": "TRACE: Found xmlwrapper tag",
    "@module": "provider.autoflex",
    "autoflex.source.fieldname": "FunctionAssociations",
    "autoflex.source.path": "",
    "autoflex.source.type": "github.com/hashicorp/terraform-provider-aws/internal/framework/flex.DistributionConfigTF",
    "autoflex.target.path": "",
    "autoflex.target.type": "*github.com/hashicorp/terraform-provider-aws/internal/framework/flex.DistributionConfigAWS",
    "xmlWrapperField": "Items"
  },
  {
    "@level": "trace",
    "@message": "Matched fields",
    "@module": "provider.autoflex",
    "autoflex.source.fieldname": "FunctionAssociations",
    "autoflex.source.path": "",
    "autoflex.source.type": "github.com/hashicorp/terraform-provider-aws/internal/framework/flex.DistributionConfigTF",
    "autoflex.target.fieldname": "FunctionAssociations",
    "autoflex.target.path": "",
    "autoflex.target.type": "*github.com/hashicorp/terraform-provider-aws/internal/framework/flex.DistributionConfigAWS"
  },
  {
    "@level": "info",
    "@message": "Converting",
    "@module": "provider.autoflex",
    "autoflex.source.path": "FunctionAssociations",
    "autoflex.source.type": "github.com/hashicorp/terraform-provider-aws/internal/framework/types.SetNestedObjectValueOf[github.com/hashicorp/terraform-provider-aws/internal/framework/flex.FunctionAssociationTF]",
    "autoflex.target.path": "FunctionAssociations",
    "autoflex.target.type": "*github.com/hashicorp/terraform-provider-aws/internal/framework/flex.FunctionAssociations"
  },
  {
    "@level": "trace",
    "@message": "TRACE: nestedObjectCollection entry",
    "@module": "provider.autoflex",
    "autoflex.source.path": "FunctionAssociations",
    "autoflex.source.type": "github.com/hashicorp/terraform-provider-aws/internal/framework/types.SetNestedObjectValueOf[github.com/hashicorp/terraform-provider-aws/internal/framework/flex.FunctionAssociationTF]",
    "autoflex.target.path": "FunctionAssociations",
    "autoflex.target.type": "*github.com/hashicorp/terraform-provider-aws/internal/framework/flex.FunctionAssociations",
    "xmlWrapper": true,
    "xmlWrapperField": "Items"
  },
  {
    "@level": "trace",
    "@message": "Expanding NestedObjectCollection to XML wrapper",
    "@module": "provider.autoflex",
    "autoflex.source.path": "FunctionAssociations",
    "autoflex.source.type": "github.com/hashicorp/terraform-provider-aws/internal/framework/types.SetNestedObjectValueOf[github.com/hashicorp/terraform-provider-aws/internal/framework/flex.FunctionAssociationTF]",
    "autoflex.target.path": "FunctionAssociations",
    "autoflex.target.type": "*github.com/hashicorp/terraform-provider-aws/internal/framework/flex.FunctionAssociations"
  },
  {
    "@level": "trace",
    "@message": "TRACE: Using Rule 1 - direct collection to XML wrapper",
    "@module": "provider.autoflex",
    "autoflex.source.path": "FunctionAssociations",
    "autoflex.source.type": "github.com/hashicorp/terraform-provider-aws/internal/framework/types.SetNestedObjectValueOf[github.com/hashicorp/terraform-provider-aws/internal/framework/flex.FunctionAssociationTF]",
    "autoflex.target.path": "FunctionAssociations",
    "autoflex.target.type": "*github.com/hashicorp/terraform-provider-aws/internal/framework/flex.FunctionAssociations"
  },
  {
    "@level": "trace",
    "@message": "Expanding Rule 1 XML wrapper (direct collection)",
    "@module": "provider.autoflex",
    "autoflex.source.path": "FunctionAssociations",
    "autoflex.source.type": "github.com/hashicorp/terraform-provider-aws/internal/framework/types.SetNestedObjectValueOf[github.com/hashicorp/terraform-provider-aws/internal/framework/flex.FunctionAssociationTF]",
    "autoflex.target.path": "FunctionAssociations",
    "autoflex.target.type": "*github.com/hashicorp/terraform-provider-aws/internal/framework/flex.FunctionAssociations"
  },
  {
    "@level": "trace",
    "@message": "Converting nested objects to items",
    "@module": "provider.autoflex",
    "autoflex.source.path": "FunctionAssociations",
    "autoflex.source.type": "github.com/hashicorp/terraform-provider-aws/internal/framework/types.SetNestedObjectValueOf[github.com/hashicorp/terraform-provider-aws/internal/framework/flex.FunctionAssociationTF]",
    "autoflex.target.path": "FunctionAssociations",
    "autoflex.target.type": "*github.com/hashicorp/terraform-provider-aws/internal/framework/flex.FunctionAssociations",
    "items_count": 2,
    "items_type": "[]flex.FunctionAssociation"
  },
  {
    "@level": "info",
    "@message": "Converting",
    "@module": "provider.autoflex",
    "autoflex.source.path": "",
    "autoflex.source.type": "github.com/hashicorp/terraform-provider-aws/internal/framework/flex.FunctionAssociationTF",
    "autoflex.target.path": "",
    "autoflex.target.type": "*github.com/hashicorp/terraform-provider-aws/internal/framework/flex.FunctionAssociation"
  },
  {
    "@level": "trace",
    "@message": "Matched fields",
    "@module": "provider.autoflex",
    "autoflex.source.fieldname": "EventType",
    "autoflex.source.path": "",
    "autoflex.source.type": "github.com/hashicorp/terraform-provider-aws/internal/framework/flex.FunctionAssociationTF",
    "autoflex.target.fieldname": "EventType",
    "autoflex.target.path": "",
    "autoflex.target.type": "*github.com/hashicorp/terraform-provider-aws/internal/framework/flex.FunctionAssociation"
  },
  {
    "@level": "info",
    "@message": "Converting",
    "@module": "provider.autoflex",
    "autoflex.source.path": "EventType",
    "autoflex.source.type": "github.com/hashicorp/terraform-plugin-framework/types/basetypes.StringValue",
    "autoflex.target.path": "EventType",
    "autoflex.target.type": "string"
  },
  {
    "@level": "trace",
    "@message": "Matched fields",
    "@module": "provider.autoflex",
    "autoflex.source.fieldname": "FunctionARN",
    "autoflex.source.path": "",
    "autoflex.source.type": "github.com/hashicorp/terraform-provider-aws/internal/framework/flex.FunctionAssociationTF",
    "autoflex.target.fieldname": "FunctionARN",
    "autoflex.target.path": "",
    "autoflex.target.type": "*github.com/hashicorp/terraform-provider-aws/internal/framework/flex.FunctionAssociation"
  },
  {
    "@level": "info",
    "@message": "Converting",
    "@module": "provider.autoflex",
    "autoflex.source.path": "FunctionARN",
    "autoflex.source.type": "github.com/hashicorp/terraform-plugin-framework/types/basetypes.StringValue",
    "autoflex.target.path": "FunctionARN",
    "autoflex.target.type": "*string"
  },
  {
    "@level": "info",
    "@message": "Converting",
    "@module": "provider.autoflex",
    "autoflex.source.path": "",
    "autoflex.source.type": "github.com/hashicorp/terraform-provider-aws/internal/framework/flex.FunctionAssociationTF",
    "autoflex.target.path": "",
    "autoflex.target.type": "*github.com/hashicorp/terraform-provider-aws/internal/framework/flex.FunctionAssociation"
  },
  {
    "@level": "trace",
    "@message": "Matched fields",
    "@module": "provider.autoflex",
    "autoflex.source.fieldname": "EventType",
    "autoflex.source.path": "",
    "autoflex.source.type": "github.com/hashicorp/terraform-provider-aws/internal/framework/flex.FunctionAssociationTF",
    "autoflex.target.fieldname": "EventType",
    "autoflex.target.path": "",
    "autoflex.target.type": "*github.com/hashicorp/terraform-provider-aws/internal/framework/flex.FunctionAssociation"
  },
  {
    "@level": "info",
    "@message": "Converting",
    "@module": "provider.autoflex",
    "autoflex.source.path": "EventType",
    "autoflex.source.type": "github.com/hashicorp/terraform-plugin-framework/types/basetypes.StringValue",
    "autoflex.target.path": "EventType",
    "autoflex.target.type": "string"
  },
  {
    "@level": "trace",
    "@message": "Matched fields",
    "@module": "provider.autoflex",
    "autoflex.source.fieldname": "FunctionARN",
    "autoflex.source.path": "",
    "autoflex.source.type": "github.com/hashicorp/terraform-provider-aws/internal/framework/flex.FunctionAssociationTF",
    "autoflex.target.fieldname": "FunctionARN",
    "autoflex.target.path": "",
    "autoflex.target.type": "*github.com/hashicorp/terraform-provider-aws/internal/framework/flex.FunctionAssociation"
  },
  {
    "@level": "info",
    "@message": "Converting",
    "@module": "provider.autoflex",
    "autoflex.source.path": "FunctionARN",
    "autoflex.source.type": "github.com/hashicorp/terraform-plugin-framework/types/basetypes.StringValue",
    "autoflex.target.path": "FunctionARN",
    "autoflex.target.type": "*string"
  }
]