[
  {
    "@level": "info",
    "@message": "Expanding",
    "@module": "provider.autoflex",
    "autoflex.source.type": "github.com/hashicorp/terraform-provider-aws/internal/framework/flex.multiTenantDistributionResourceModelSimple",
    "autoflex.target.type": "*github.com/hashicorp/terraform-provider-aws/internal/framework/flex.DistributionConfigSimple"
  },
  {
    "@level": "info",
    "@message": "Converting",
    "@module": "provider.autoflex",
    "autoflex.source.path": "",
    "autoflex.source.type": "github.com/hashicorp/terraform-provider-aws/internal/framework/flex.multiTenantDistributionResourceModelSimple",
    "autoflex.target.path": "",
    "autoflex.target.type": "*github.com/hashicorp/terraform-provider-aws/internal/framework/flex.DistributionConfigSimple"
  },
  {
    "@level": "trace",
    "@message": "Matched fields",
    "@module": "provider.autoflex",
    "autoflex.source.fieldname": "Comment",
    "autoflex.source.path": "",
    "autoflex.source.type": "github.com/hashicorp/terraform-provider-aws/internal/framework/flex.multiTenantDistributionResourceModelSimple",
    "autoflex.target.fieldname": "Comment",
    "autoflex.target.path": "",
    "autoflex.target.type": "*github.com/hashicorp/terraform-provider-aws/internal/framework/flex.DistributionConfigSimple"
  },
  {
    "@level": "info",
    "@message": "Converting",
    "@module": "provider.autoflex",
    "autoflex.source.path": "Comment",
    "autoflex.source.type": "github.com/hashicorp/terraform-plugin-framework/types/basetypes.StringValue",
    "autoflex.target.path": "Comment",
    "autoflex.target.type": "*string"
  },
  {
    "@level": "trace",
    "@message": "Matched fields",
    "@module": "provider.autoflex",
    "autoflex.source.fieldname": "DefaultCacheBehaviorSimple",
    "autoflex.source.path": "",
    "autoflex.source.type": "github.com/hashicorp/terraform-provider-aws/internal/framework/flex.multiTenantDistributionResourceModelSimple",
    "autoflex.target.fieldname": "DefaultCacheBehaviorSimple",
    "autoflex.target.path": "",
    "autoflex.target.type": "*github.com/hashicorp/terraform-provider-aws/internal/framework/flex.DistributionConfigSimple"
  },
  {
    "@level": "info",
    "@message": "Converting",
    "@module": "provider.autoflex",
    "autoflex.source.path": "DefaultCacheBehaviorSimple",
    "autoflex.source.type": "github.com/hashicorp/terraform-provider-aws/internal/framework/types.ListNestedObjectValueOf[github.com/hashicorp/terraform-provider-aws/internal/framework/flex.defaultCacheBehaviorModelSimple]",
    "autoflex.target.path": "DefaultCacheBehaviorSimple",
    "autoflex.target.type": "*github.com/hashicorp/terraform-provider-aws/internal/framework/flex.DefaultCacheBehaviorSimple"
  },
  {
    "@level": "trace",
    "@message": "Found XML wrapper collapse target",
    "@module": "provider.autoflex",
    "autoflex.source.path": "DefaultCacheBehaviorSimple[0]",
    "autoflex.source.type": "github.com/hashicorp/terraform-provider-aws/internal/framework/flex.defaultCacheBehaviorModelSimple",
    "autoflex.target.fieldname": "AllowedMethodsSimple",
    "autoflex.target.path": "DefaultCacheBehaviorSimple",
    "autoflex.target.type": "flex.AllowedMethodsSimple"
  },
  {
    "@level": "trace",
    "@message": "Building generic XML wrapper collapse struct",
    "@module": "provider.autoflex",
    "autoflex.source.path": "DefaultCacheBehaviorSimple[0]",
    "autoflex.source.type": "github.com/hashicorp/terraform-provider-aws/internal/framework/flex.defaultCacheBehaviorModelSimple",
    "autoflex.target.path": "DefaultCacheBehaviorSimple",
    "autoflex.target.type": "*github.com/hashicorp/terraform-provider-aws/internal/framework/flex.DefaultCacheBehaviorSimple",
    "target_type": "flex.AllowedMethodsSimple"
  },
  {
    "@level": "trace",
    "@message": "Identified main source field",
    "@module": "provider.autoflex",
    "autoflex.source.path": "DefaultCacheBehaviorSimple[0]",
    "autoflex.source.type": "github.com/hashicorp/terraform-provider-aws/internal/framework/flex.defaultCacheBehaviorModelSimple",
    "autoflex.target.path": "DefaultCacheBehaviorSimple",
    "autoflex.target.type": "*github.com/hashicorp/terraform-provider-aws/internal/framework/flex.DefaultCacheBehaviorSimple",
    "main_source_field": "AllowedMethodsSimple"
  },
  {
    "@level": "trace",
    "@message": "Processing additional target field",
    "@module": "provider.autoflex",
    "autoflex.source.path": "DefaultCacheBehaviorSimple[0]",
    "autoflex.source.type": "github.com/hashicorp/terraform-provider-aws/internal/framework/flex.defaultCacheBehaviorModelSimple",
    "autoflex.target.path": "DefaultCacheBehaviorSimple",
    "autoflex.target.type": "*github.com/hashicorp/terraform-provider-aws/internal/framework/flex.DefaultCacheBehaviorSimple",
    "target_field": "CachedMethodsSimple",
    "target_type": "*flex.CachedMethodsSimple"
  },
  {
    "@level": "trace",
    "@message": "Found matching source field",
    "@module": "provider.autoflex",
    "autoflex.source.path": "DefaultCacheBehaviorSimple[0]",
    "autoflex.source.type": "github.com/hashicorp/terraform-provider-aws/internal/framework/flex.defaultCacheBehaviorModelSimple",
    "autoflex.target.path": "DefaultCacheBehaviorSimple",
    "autoflex.target.type": "*github.com/hashicorp/terraform-provider-aws/internal/framework/flex.DefaultCacheBehaviorSimple",
    "source_field": "CachedMethodsSimple",
    "target_field": "CachedMethodsSimple"
  },
  {
    "@level": "trace",
    "@message": "Successfully expanded to XML wrapper",
    "@module": "provider.autoflex",
    "autoflex.source.path": "DefaultCacheBehaviorSimple[0]",
    "autoflex.source.type": "github.com/hashicorp/terraform-provider-aws/internal/framework/flex.defaultCacheBehaviorModelSimple",
    "autoflex.target.path": "DefaultCacheBehaviorSimple",
    "autoflex.target.type": "*github.com/hashicorp/terraform-provider-aws/internal/framework/flex.DefaultCacheBehaviorSimple",
    "items_count": 1,
    "source_type": "types.SetValueOf[github.com/hashicorp/terraform-provider-aws/internal/framework/types.StringEnum[github.com/hashicorp/terraform-provider-aws/internal/framework/flex.MethodSimple]]",
    "target_type": "flex.CachedMethodsSimple",
    "wrapper_field": "Items"
  },
  {
    "@level": "trace",
    "@message": "Successfully built generic XML wrapper collapse struct",
    "@module": "provider.autoflex",
    "autoflex.source.path": "DefaultCacheBehaviorSimple[0]",
    "autoflex.source.type": "github.com/hashicorp/terraform-provider-aws/internal/framework/flex.defaultCacheBehaviorModelSimple",
    "autoflex.target.path": "DefaultCacheBehaviorSimple",
    "autoflex.target.type": "*github.com/hashicorp/terraform-provider-aws/internal/framework/flex.DefaultCacheBehaviorSimple"
  },
  {
    "@level": "trace",
    "@message": "Skipping field already processed by XML wrapper collapse",
    "@module": "provider.autoflex",
    "autoflex.source.fieldname": "AllowedMethodsSimple",
    "autoflex.source.path": "DefaultCacheBehaviorSimple[0]",
    "autoflex.source.type": "github.com/hashicorp/terraform-provider-aws/internal/framework/flex.defaultCacheBehaviorModelSimple",
    "autoflex.target.path": "DefaultCacheBehaviorSimple",
    "autoflex.target.type": "*github.com/hashicorp/terraform-provider-aws/internal/framework/flex.DefaultCacheBehaviorSimple"
  },
  {
    "@level": "trace",
    "@message": "Matched fields",
    "@module": "provider.autoflex",
    "autoflex.source.fieldname": "Compress",
    "autoflex.source.path": "DefaultCacheBehaviorSimple[0]",
    "autoflex.source.type": "github.com/hashicorp/terraform-provider-aws/internal/framework/flex.defaultCacheBehaviorModelSimple",
    "autoflex.target.fieldname": "Compress",
    "autoflex.target.path": "DefaultCacheBehaviorSimple",
    "autoflex.target.type": "*github.com/hashicorp/terraform-provider-aws/internal/framework/flex.DefaultCacheBehaviorSimple"
  },
  {
    "@level": "info",
    "@message": "Converting",
    "@module": "provider.autoflex",
    "autoflex.source.path": "DefaultCacheBehaviorSimple[0].Compress",
    "autoflex.source.type": "github.com/hashicorp/terraform-plugin-framework/types/basetypes.BoolValue",
    "autoflex.target.path": "DefaultCacheBehaviorSimple.Compress",
    "autoflex.target.type": "*bool"
  },
  {
    "@level": "trace",
    "@message": "Skipping field already processed by XML wrapper collapse",
    "@module": "provider.autoflex",
    "autoflex.source.fieldname": "CachedMethodsSimple",
    "autoflex.source.path": "DefaultCacheBehaviorSimple[0]",
    "autoflex.source.type": "github.com/hashicorp/terraform-provider-aws/internal/framework/flex.defaultCacheBehaviorModelSimple",
    "autoflex.target.path": "DefaultCacheBehaviorSimple",
    "autoflex.target.type": "*github.com/hashicorp/terraform-provider-aws/internal/framework/flex.DefaultCacheBehaviorSimple"
  }
]