[
  {
    "@level": "info",
    "@message": "Flattening",
    "@module": "provider.autoflex",
    "autoflex.source.type": "*github.com/hashicorp/terraform-provider-aws/internal/framework/flex.Birds",
    "autoflex.target.type": "*github.com/hashicorp/terraform-provider-aws/internal/framework/flex.birdModel"
  },
  {
    "@level": "trace",
    "@message": "Source is not XML wrapper struct",
    "@module": "provider.autoflex",
    "autoflex.source.path": "",
    "autoflex.source.type": "github.com/hashicorp/terraform-provider-aws/internal/framework/flex.Birds",
    "autoflex.target.path": "",
    "autoflex.target.type": "*github.com/hashicorp/terraform-provider-aws/internal/framework/flex.birdModel"
  },
  {
    "@level": "info",
    "@message": "Converting",
    "@module": "provider.autoflex",
    "autoflex.source.path": "",
    "autoflex.source.type": "github.com/hashicorp/terraform-provider-aws/internal/framework/flex.Birds",
    "autoflex.target.path": "",
    "autoflex.target.type": "*github.com/hashicorp/terraform-provider-aws/internal/framework/flex.birdModel"
  },
  {
    "@level": "trace",
    "@message": "Skipping XML wrapper split - direct field match found",
    "@module": "provider.autoflex",
    "autoflex.source.fieldname": "Parrots",
    "autoflex.source.path": "",
    "autoflex.source.type": "github.com/hashicorp/terraform-provider-aws/internal/framework/flex.Birds",
    "autoflex.target.fieldname": "Parrot",
    "autoflex.target.path": "",
    "autoflex.target.type": "*github.com/hashicorp/terraform-provider-aws/internal/framework/flex.birdModel"
  },
  {
    "@level": "trace",
    "@message": "Matched fields",
    "@module": "provider.autoflex",
    "autoflex.source.fieldname": "Parrots",
    "autoflex.source.path": "",
    "autoflex.source.type": "github.com/hashicorp/terraform-provider-aws/internal/framework/flex.Birds",
    "autoflex.target.fieldname": "Parrot",
    "autoflex.target.path": "",
    "autoflex.target.type": "*github.com/hashicorp/terraform-provider-aws/internal/framework/flex.birdModel"
  },
  {
    "@level": "info",
    "@message": "Converting",
    "@module": "provider.autoflex",
    "autoflex.source.path": "Parrots",
    "autoflex.source.type": "*github.com/hashicorp/terraform-provider-aws/internal/framework/flex.Parrots",
    "autoflex.target.path": "Parrot",
    "autoflex.target.type": "github.com/hashicorp/terraform-provider-aws/internal/framework/types.ListNestedObjectValueOf[github.com/hashicorp/terraform-provider-aws/internal/framework/flex.parrotModel·96]"
  },
  {
    "@level": "trace",
    "@message": "Matched fields",
    "@module": "provider.autoflex",
    "autoflex.source.fieldname": "Flying",
    "autoflex.source.path": "Parrots",
    "autoflex.source.type": "github.com/hashicorp/terraform-provider-aws/internal/framework/flex.Parrots",
    "autoflex.target.fieldname": "Flying",
    "autoflex.target.path": "Parrot",
    "autoflex.target.type": "*github.com/hashicorp/terraform-provider-aws/internal/framework/flex.parrotModel"
  },
  {
    "@level": "info",
    "@message": "Converting",
    "@module": "provider.autoflex",
    "autoflex.source.path": "Parrots.Flying",
    "autoflex.source.type": "*bool",
    "autoflex.target.path": "Parrot.Flying",
    "autoflex.target.type": "github.com/hashicorp/terraform-plugin-framework/types/basetypes.BoolValue"
  },
  {
    "@level": "debug",
    "@message": "No corresponding target field",
    "@module": "provider.autoflex",
    "autoflex.source.fieldname": "Quantity",
    "autoflex.source.path": "Parrots",
    "autoflex.source.type": "github.com/hashicorp/terraform-provider-aws/internal/framework/flex.Parrots",
    "autoflex.target.path": "Parrot",
    "autoflex.target.type": "*github.com/hashicorp/terraform-provider-aws/internal/framework/flex.parrotModel"
  },
  {
    "@level": "trace",
    "@message": "Matched fields",
    "@module": "provider.autoflex",
    "autoflex.source.fieldname": "Items",
    "autoflex.source.path": "Parrots",
    "autoflex.source.type": "github.com/hashicorp/terraform-provider-aws/internal/framework/flex.Parrots",
    "autoflex.target.fieldname": "Items",
    "autoflex.target.path": "Parrot",
    "autoflex.target.type": "*github.com/hashicorp/terraform-provider-aws/internal/framework/flex.parrotModel"
  },
  {
    "@level": "info",
    "@message": "Converting",
    "@module": "provider.autoflex",
    "autoflex.source.path": "Parrots.Items",
    "autoflex.source.type": "[]string",
    "autoflex.target.path": "Parrot.Items",
    "autoflex.target.type": "github.com/hashicorp/terraform-provider-aws/internal/framework/types.ListValueOf[github.com/hashicorp/terraform-plugin-framework/types/basetypes.StringValue]"
  },
  {
    "@level": "trace",
    "@message": "Flattening with ListValue",
    "@module": "provider.autoflex",
    "autoflex.source.path": "Parrots.Items",
    "autoflex.source.size": 0,
    "autoflex.source.type": "[]string",
    "autoflex.target.path": "Parrot.Items",
    "autoflex.target.type": "github.com/hashicorp/terraform-provider-aws/internal/framework/types.ListValueOf[github.com/hashicorp/terraform-plugin-framework/types/basetypes.StringValue]"
  }
]