[
  {
    "@level": "info",
    "@message": "Expanding",
    "@module": "provider.autoflex",
    "autoflex.source.type": "github.com/hashicorp/terraform-plugin-framework/types/basetypes.SetValue",
    "autoflex.target.type": "*[]*int64"
  },
  {
    "@level": "info",
    "@message": "Converting",
    "@module": "provider.autoflex",
    "autoflex.source.path": "",
    "autoflex.source.type": "github.com/hashicorp/terraform-plugin-framework/types/basetypes.SetValue",
    "autoflex.target.path": "",
    "autoflex.target.type": "[]*int64"
  },
  {
    "@level": "trace",
    "@message": "Expanding with ElementsAs",
    "@module": "provider.autoflex",
    "autoflex.source.path": "",
    "autoflex.source.size": 2,
    "autoflex.source.type": "github.com/hashicorp/terraform-plugin-framework/types/basetypes.SetValue",
    "autoflex.target.path": "",
    "autoflex.target.type": "[]*int64"
  }
]