[
  {
    "@level": "info",
    "@message": "Flattening",
    "@module": "provider.autoflex",
    "autoflex.source.type": "github.com/hashicorp/terraform-provider-aws/internal/framework/flex.awsStatusCodesForFlatten",
    "autoflex.target.type": "*github.com/hashicorp/terraform-provider-aws/internal/framework/flex.tfStatusCodesModelForFlatten"
  },
  {
    "@level": "trace",
    "@message": "Source is XML wrapper struct",
    "@module": "provider.autoflex",
    "autoflex.source.path": "",
    "autoflex.source.type": "github.com/hashicorp/terraform-provider-aws/internal/framework/flex.awsStatusCodesForFlatten",
    "autoflex.target.path": "",
    "autoflex.target.type": "*github.com/hashicorp/terraform-provider-aws/internal/framework/flex.tfStatusCodesModelForFlatten"
  },
  {
    "@level": "trace",
    "@message": "Direct XML wrapper struct conversion",
    "@module": "provider.autoflex",
    "autoflex.source.fieldname": "Items",
    "autoflex.source.path": "",
    "autoflex.source.type": "github.com/hashicorp/terraform-provider-aws/internal/framework/flex.awsStatusCodesForFlatten",
    "autoflex.target.fieldname": "StatusCodes",
    "autoflex.target.path": "",
    "autoflex.target.type": "*github.com/hashicorp/terraform-provider-aws/internal/framework/flex.tfStatusCodesModelForFlatten"
  },
  {
    "@level": "trace",
    "@message": "Processing direct XML wrapper",
    "@module": "provider.autoflex",
    "autoflex.source.fieldname": "Items",
    "autoflex.source.path": "",
    "autoflex.source.type": "github.com/hashicorp/terraform-provider-aws/internal/framework/flex.awsStatusCodesForFlatten",
    "autoflex.target.fieldname": "StatusCodes",
    "autoflex.target.path": "",
    "autoflex.target.type": "*github.com/hashicorp/terraform-provider-aws/internal/framework/flex.tfStatusCodesModelForFlatten"
  },
  {
    "@level": "trace",
    "@message": "Checking target field",
    "@module": "provider.autoflex",
    "autoflex.source.fieldname": "Items",
    "autoflex.source.path": "",
    "autoflex.source.type": "github.com/hashicorp/terraform-provider-aws/internal/framework/flex.awsStatusCodesForFlatten",
    "autoflex.target.fieldname": "StatusCodes",
    "autoflex.target.path": "",
    "autoflex.target.type": "*github.com/hashicorp/terraform-provider-aws/internal/framework/flex.tfStatusCodesModelForFlatten"
  },
  {
    "@level": "trace",
    "@message": "Found matching xmlwrapper field",
    "@module": "provider.autoflex",
    "autoflex.source.fieldname": "Items",
    "autoflex.source.path": "",
    "autoflex.source.type": "github.com/hashicorp/terraform-provider-aws/internal/framework/flex.awsStatusCodesForFlatten",
    "autoflex.target.fieldname": "StatusCodes",
    "autoflex.target.path": "",
    "autoflex.target.type": "*github.com/hashicorp/terraform-provider-aws/internal/framework/flex.tfStatusCodesModelForFlatten"
  },
  {
    "@level": "trace",
    "@message": "Calling xmlWrapperFlatten",
    "@module": "provider.autoflex",
    "autoflex.source.fieldname": "Items",
    "autoflex.source.path": "",
    "autoflex.source.type": "github.com/hashicorp/terraform-provider-aws/internal/framework/flex.awsStatusCodesForFlatten",
    "autoflex.target.fieldname": "StatusCodes",
    "autoflex.target.path": "",
    "autoflex.target.type": "*github.com/hashicorp/terraform-provider-aws/internal/framework/flex.tfStatusCodesModelForFlatten"
  },
  {
    "@level": "trace",
    "@message": "Starting XML wrapper flatten",
    "@module": "provider.autoflex",
    "autoflex.source.path": "Items",
    "autoflex.source.type": "[]int32",
    "autoflex.target.path": "StatusCodes",
    "autoflex.target.type": "github.com/hashicorp/terraform-provider-aws/internal/framework/types.SetValueOf[github.com/hashicorp/terraform-plugin-framework/types/basetypes.Int64Value]"
  },
  {
    "@level": "trace",
    "@message": "Using target element type",
    "@module": "provider.autoflex",
    "autoflex.source.path": "Items",
    "autoflex.source.type": "[]int32",
    "autoflex.target.path": "StatusCodes",
    "autoflex.target.type": "github.com/hashicorp/terraform-provider-aws/internal/framework/types.SetValueOf[github.com/hashicorp/terraform-plugin-framework/types/basetypes.Int64Value]",
    "element_type": "basetypes.Int64Type"
  },
  {
    "@level": "trace",
    "@message": "Flattening XML wrapper with SetNull",
    "@module": "provider.autoflex",
    "autoflex.source.path": "Items",
    "autoflex.source.type": "[]int32",
    "autoflex.target.path": "StatusCodes",
    "autoflex.target.type": "github.com/hashicorp/terraform-provider-aws/internal/framework/types.SetValueOf[github.com/hashicorp/terraform-plugin-framework/types/basetypes.Int64Value]"
  }
]