[
  {
    "@level": "info",
    "@message": "Expanding",
    "@module": "provider.autoflex",
    "autoflex.source.type": "github.com/hashicorp/terraform-provider-aws/internal/framework/types.SetValueOf[github.com/hashicorp/terraform-plugin-framework/types/basetypes.Int32Value]",
    "autoflex.target.type": "*github.com/hashicorp/terraform-provider-aws/internal/framework/flex.testXMLWrapperInt32"
  },
  {
    "@level": "info",
    "@message": "Converting",
    "@module": "provider.autoflex",
    "autoflex.source.path": "",
    "autoflex.source.type": "github.com/hashicorp/terraform-provider-aws/internal/framework/types.SetValueOf[github.com/hashicorp/terraform-plugin-framework/types/basetypes.Int32Value]",
    "autoflex.target.path": "",
    "autoflex.target.type": "github.com/hashicorp/terraform-provider-aws/internal/framework/flex.testXMLWrapperInt32"
  },
  {
    "@level": "error",
    "@message": "AutoFlex Expand; incompatible types",
    "@module": "provider.autoflex",
    "autoflex.source.path": "",
    "autoflex.source.type": "github.com/hashicorp/terraform-provider-aws/internal/framework/types.SetValueOf[github.com/hashicorp/terraform-plugin-framework/types/basetypes.Int32Value]",
    "autoflex.target.path": "",
    "autoflex.target.type": "github.com/hashicorp/terraform-provider-aws/internal/framework/flex.testXMLWrapperInt32",
    "from": "Set[Int32]",
    "to": 25
  }
]