[
  {
    "@level": "info",
    "@message": "Expanding",
    "@module": "provider.autoflex",
    "autoflex.source.type": "github.com/hashicorp/terraform-provider-aws/internal/framework/types.SetValueOf[github.com/hashicorp/terraform-provider-aws/internal/framework/types.StringEnum[github.com/aws/aws-sdk-go-v2/service/cloudfront/types.SslProtocol]]",
    "autoflex.target.type": "*github.com/aws/aws-sdk-go-v2/service/cloudfront/types.OriginSslProtocols"
  },
  {
    "@level": "info",
    "@message": "Converting",
    "@module": "provider.autoflex",
    "autoflex.source.path": "",
    "autoflex.source.type": "github.com/hashicorp/terraform-provider-aws/internal/framework/types.SetValueOf[github.com/hashicorp/terraform-provider-aws/internal/framework/types.StringEnum[github.com/aws/aws-sdk-go-v2/service/cloudfront/types.SslProtocol]]",
    "autoflex.target.path": "",
    "autoflex.target.type": "github.com/aws/aws-sdk-go-v2/service/cloudfront/types.OriginSslProtocols"
  },
  {
    "@level": "error",
    "@message": "AutoFlex Expand; incompatible types",
    "@module": "provider.autoflex",
    "autoflex.source.path": "",
    "autoflex.source.type": "github.com/hashicorp/terraform-provider-aws/internal/framework/types.SetValueOf[github.com/hashicorp/terraform-provider-aws/internal/framework/types.StringEnum[github.com/aws/aws-sdk-go-v2/service/cloudfront/types.SslProtocol]]",
    "autoflex.target.path": "",
    "autoflex.target.type": "github.com/aws/aws-sdk-go-v2/service/cloudfront/types.OriginSslProtocols",
    "from": {
      "ElemType": {}
    },
    "to": 25
  }
]