[
  {
    "@level": "info",
    "@message": "Flattening",
    "@module": "provider.autoflex",
    "autoflex.source.type": "*github.com/hashicorp/terraform-provider-aws/internal/framework/flex.awsComplexValue",
    "autoflex.target.type": "*github.com/hashicorp/terraform-provider-aws/internal/framework/flex.tfComplexValue"
  },
  {
    "@level": "trace",
    "@message": "Source is not XML wrapper struct",
    "@module": "provider.autoflex",
    "autoflex.source.path": "",
    "autoflex.source.type": "github.com/hashicorp/terraform-provider-aws/internal/framework/flex.awsComplexValue",
    "autoflex.target.path": "",
    "autoflex.target.type": "*github.com/hashicorp/terraform-provider-aws/internal/framework/flex.tfComplexValue"
  },
  {
    "@level": "info",
    "@message": "Converting",
    "@module": "provider.autoflex",
    "autoflex.source.path": "",
    "autoflex.source.type": "github.com/hashicorp/terraform-provider-aws/internal/framework/flex.awsComplexValue",
    "autoflex.target.path": "",
    "autoflex.target.type": "*github.com/hashicorp/terraform-provider-aws/internal/framework/flex.tfComplexValue"
  },
  {
    "@level": "trace",
    "@message": "Matched fields",
    "@module": "provider.autoflex",
    "autoflex.source.fieldname": "Field1",
    "autoflex.source.path": "",
    "autoflex.source.type": "github.com/hashicorp/terraform-provider-aws/internal/framework/flex.awsComplexValue",
    "autoflex.target.fieldname": "Field1",
    "autoflex.target.path": "",
    "autoflex.target.type": "*github.com/hashicorp/terraform-provider-aws/internal/framework/flex.tfComplexValue"
  },
  {
    "@level": "info",
    "@message": "Converting",
    "@module": "provider.autoflex",
    "autoflex.source.path": "Field1",
    "autoflex.source.type": "string",
    "autoflex.target.path": "Field1",
    "autoflex.target.type": "github.com/hashicorp/terraform-plugin-framework/types/basetypes.StringValue"
  },
  {
    "@level": "trace",
    "@message": "Matched fields",
    "@module": "provider.autoflex",
    "autoflex.source.fieldname": "Field2",
    "autoflex.source.path": "",
    "autoflex.source.type": "github.com/hashicorp/terraform-provider-aws/internal/framework/flex.awsComplexValue",
    "autoflex.target.fieldname": "Field2",
    "autoflex.target.path": "",
    "autoflex.target.type": "*github.com/hashicorp/terraform-provider-aws/internal/framework/flex.tfComplexValue"
  },
  {
    "@level": "info",
    "@message": "Converting",
    "@module": "provider.autoflex",
    "autoflex.source.path": "Field2",
    "autoflex.source.type": "*github.com/hashicorp/terraform-provider-aws/internal/framework/flex.awsNestedObjectPointer",
    "autoflex.target.path": "Field2",
    "autoflex.target.type": "github.com/hashicorp/terraform-provider-aws/internal/framework/types.ListNestedObjectValueOf[github.com/hashicorp/terraform-provider-aws/internal/framework/flex.tfListOfNestedObject]"
  },
  {
    "@level": "trace",
    "@message": "Matched fields",
    "@module": "provider.autoflex",
    "autoflex.source.fieldname": "Field1",
    "autoflex.source.path": "Field2",
    "autoflex.source.type": "github.com/hashicorp/terraform-provider-aws/internal/framework/flex.awsNestedObjectPointer",
    "autoflex.target.fieldname": "Field1",
    "autoflex.target.path": "Field2",
    "autoflex.target.type": "*github.com/hashicorp/terraform-provider-aws/internal/framework/flex.tfListOfNestedObject"
  },
  {
    "@level": "info",
    "@message": "Converting",
    "@module": "provider.autoflex",
    "autoflex.source.path": "Field2.Field1",
    "autoflex.source.type": "*github.com/hashicorp/terraform-provider-aws/internal/framework/flex.awsSingleStringValue",
    "autoflex.target.path": "Field2.Field1",
    "autoflex.target.type": "github.com/hashicorp/terraform-provider-aws/internal/framework/types.ListNestedObjectValueOf[github.com/hashicorp/terraform-provider-aws/internal/framework/flex.tfSingleStringField]"
  },
  {
    "@level": "trace",
    "@message": "Matched fields",
    "@module": "provider.autoflex",
    "autoflex.source.fieldname": "Field1",
    "autoflex.source.path": "Field2.Field1",
    "autoflex.source.type": "github.com/hashicorp/terraform-provider-aws/internal/framework/flex.awsSingleStringValue",
    "autoflex.target.fieldname": "Field1",
    "autoflex.target.path": "Field2.Field1",
    "autoflex.target.type": "*github.com/hashicorp/terraform-provider-aws/internal/framework/flex.tfSingleStringField"
  },
  {
    "@level": "info",
    "@message": "Converting",
    "@module": "provider.autoflex",
    "autoflex.source.path": "Field2.Field1.Field1",
    "autoflex.source.type": "string",
    "autoflex.target.path": "Field2.Field1.Field1",
    "autoflex.target.type": "github.com/hashicorp/terraform-plugin-framework/types/basetypes.StringValue"
  },
  {
    "@level": "trace",
    "@message": "Matched fields",
    "@module": "provider.autoflex",
    "autoflex.source.fieldname": "Field3",
    "autoflex.source.path": "",
    "autoflex.source.type": "github.com/hashicorp/terraform-provider-aws/internal/framework/flex.awsComplexValue",
    "autoflex.target.fieldname": "Field3",
    "autoflex.target.path": "",
    "autoflex.target.type": "*github.com/hashicorp/terraform-provider-aws/internal/framework/flex.tfComplexValue"
  },
  {
    "@level": "info",
    "@message": "Converting",
    "@module": "provider.autoflex",
    "autoflex.source.path": "Field3",
    "autoflex.source.type": "map[string]*string",
    "autoflex.target.path": "Field3",
    "autoflex.target.type": "github.com/hashicorp/terraform-plugin-framework/types/basetypes.MapValue"
  },
  {
    "@level": "trace",
    "@message": "Flattening with MapValue",
    "@module": "provider.autoflex",
    "autoflex.source.path": "Field3",
    "autoflex.source.size": 2,
    "autoflex.source.type": "map[string]*string",
    "autoflex.target.path": "Field3",
    "autoflex.target.type": "github.com/hashicorp/terraform-plugin-framework/types/basetypes.MapValue"
  },
  {
    "@level": "trace",
    "@message": "Matched fields",
    "@module": "provider.autoflex",
    "autoflex.source.fieldname": "Field4",
    "autoflex.source.path": "",
    "autoflex.source.type": "github.com/hashicorp/terraform-provider-aws/internal/framework/flex.awsComplexValue",
    "autoflex.target.fieldname": "Field4",
    "autoflex.target.path": "",
    "autoflex.target.type": "*github.com/hashicorp/terraform-provider-aws/internal/framework/flex.tfComplexValue"
  },
  {
    "@level": "info",
    "@message": "Converting",
    "@module": "provider.autoflex",
    "autoflex.source.path": "Field4",
    "autoflex.source.type": "[]github.com/hashicorp/terraform-provider-aws/internal/framework/flex.awsSingleInt64Value",
    "autoflex.target.path": "Field4",
    "autoflex.target.type": "github.com/hashicorp/terraform-provider-aws/internal/framework/types.SetNestedObjectValueOf[github.com/hashicorp/terraform-provider-aws/internal/framework/flex.tfSingleInt64Field]"
  },
  {
    "@level": "trace",
    "@message": "Flattening nested object collection",
    "@module": "provider.autoflex",
    "autoflex.source.path": "Field4",
    "autoflex.source.size": 3,
    "autoflex.source.type": "[]github.com/hashicorp/terraform-provider-aws/internal/framework/flex.awsSingleInt64Value",
    "autoflex.target.path": "Field4",
    "autoflex.target.type": "github.com/hashicorp/terraform-provider-aws/internal/framework/types.SetNestedObjectValueOf[github.com/hashicorp/terraform-provider-aws/internal/framework/flex.tfSingleInt64Field]"
  },
  {
    "@level": "debug",
    "@message": "DEBUG: First element of nested object collection",
    "@module": "provider.autoflex",
    "autoflex.source.path": "Field4",
    "autoflex.source.type": "[]github.com/hashicorp/terraform-provider-aws/internal/framework/flex.awsSingleInt64Value",
    "autoflex.target.path": "Field4",
    "autoflex.target.type": "github.com/hashicorp/terraform-provider-aws/internal/framework/types.SetNestedObjectValueOf[github.com/hashicorp/terraform-provider-aws/internal/framework/flex.tfSingleInt64Field]"
  },
  {
    "@level": "debug",
    "@message": "DEBUG: Struct field",
    "@module": "provider.autoflex",
    "autoflex.source.path": "Field4",
    "autoflex.source.type": "[]github.com/hashicorp/terraform-provider-aws/internal/framework/flex.awsSingleInt64Value",
    "autoflex.target.path": "Field4",
    "autoflex.target.type": "github.com/hashicorp/terraform-provider-aws/internal/framework/types.SetNestedObjectValueOf[github.com/hashicorp/terraform-provider-aws/internal/framework/flex.tfSingleInt64Field]",
    "field_name": "Field1",
    "field_type": "int64",
    "is_nil": false,
    "is_zero": false
  },
  {
    "@level": "trace",
    "@message": "Matched fields",
    "@module": "provider.autoflex",
    "autoflex.source.fieldname": "Field1",
    "autoflex.source.path": "Field4[0]",
    "autoflex.source.type": "github.com/hashicorp/terraform-provider-aws/internal/framework/flex.awsSingleInt64Value",
    "autoflex.target.fieldname": "Field1",
    "autoflex.target.path": "Field4[0]",
    "autoflex.target.type": "*github.com/hashicorp/terraform-provider-aws/internal/framework/flex.tfSingleInt64Field"
  },
  {
    "@level": "info",
    "@message": "Converting",
    "@module": "provider.autoflex",
    "autoflex.source.path": "Field4[0].Field1",
    "autoflex.source.type": "int64",
    "autoflex.target.path": "Field4[0].Field1",
    "autoflex.target.type": "github.com/hashicorp/terraform-plugin-framework/types/basetypes.Int64Value"
  },
  {
    "@level": "trace",
    "@message": "Matched fields",
    "@module": "provider.autoflex",
    "autoflex.source.fieldname": "Field1",
    "autoflex.source.path": "Field4[1]",
    "autoflex.source.type": "github.com/hashicorp/terraform-provider-aws/internal/framework/flex.awsSingleInt64Value",
    "autoflex.target.fieldname": "Field1",
    "autoflex.target.path": "Field4[1]",
    "autoflex.target.type": "*github.com/hashicorp/terraform-provider-aws/internal/framework/flex.tfSingleInt64Field"
  },
  {
    "@level": "info",
    "@message": "Converting",
    "@module": "provider.autoflex",
    "autoflex.source.path": "Field4[1].Field1",
    "autoflex.source.type": "int64",
    "autoflex.target.path": "Field4[1].Field1",
    "autoflex.target.type": "github.com/hashicorp/terraform-plugin-framework/types/basetypes.Int64Value"
  },
  {
    "@level": "trace",
    "@message": "Matched fields",
    "@module": "provider.autoflex",
    "autoflex.source.fieldname": "Field1",
    "autoflex.source.path": "Field4[2]",
    "autoflex.source.type": "github.com/hashicorp/terraform-provider-aws/internal/framework/flex.awsSingleInt64Value",
    "autoflex.target.fieldname": "Field1",
    "autoflex.target.path": "Field4[2]",
    "autoflex.target.type": "*github.com/hashicorp/terraform-provider-aws/internal/framework/flex.tfSingleInt64Field"
  },
  {
    "@level": "info",
    "@message": "Converting",
    "@module": "provider.autoflex",
    "autoflex.source.path": "Field4[2].Field1",
    "autoflex.source.type": "int64",
    "autoflex.target.path": "Field4[2].Field1",
    "autoflex.target.type": "github.com/hashicorp/terraform-plugin-framework/types/basetypes.Int64Value"
  }
]