[
  {
    "@level": "info",
    "@message": "Expanding",
    "@module": "provider.autoflex",
    "autoflex.source.type": "*github.com/hashicorp/terraform-provider-aws/internal/framework/flex.tfSetOfNestedObject",
    "autoflex.target.type": "*github.com/hashicorp/terraform-provider-aws/internal/framework/flex.awsNestedObjectPointer"
  },
  {
    "@level": "info",
    "@message": "Converting",
    "@module": "provider.autoflex",
    "autoflex.source.path": "",
    "autoflex.source.type": "github.com/hashicorp/terraform-provider-aws/internal/framework/flex.tfSetOfNestedObject",
    "autoflex.target.path": "",
    "autoflex.target.type": "*github.com/hashicorp/terraform-provider-aws/internal/framework/flex.awsNestedObjectPointer"
  },
  {
    "@level": "trace",
    "@message": "Matched fields",
    "@module": "provider.autoflex",
    "autoflex.source.fieldname": "Field1",
    "autoflex.source.path": "",
    "autoflex.source.type": "github.com/hashicorp/terraform-provider-aws/internal/framework/flex.tfSetOfNestedObject",
    "autoflex.target.fieldname": "Field1",
    "autoflex.target.path": "",
    "autoflex.target.type": "*github.com/hashicorp/terraform-provider-aws/internal/framework/flex.awsNestedObjectPointer"
  },
  {
    "@level": "info",
    "@message": "Converting",
    "@module": "provider.autoflex",
    "autoflex.source.path": "Field1",
    "autoflex.source.type": "github.com/hashicorp/terraform-provider-aws/internal/framework/types.SetNestedObjectValueOf[github.com/hashicorp/terraform-provider-aws/internal/framework/flex.tfSingleStringField]",
    "autoflex.target.path": "Field1",
    "autoflex.target.type": "*github.com/hashicorp/terraform-provider-aws/internal/framework/flex.awsSingleStringValue"
  },
  {
    "@level": "trace",
    "@message": "TRACE: nestedObjectCollection entry",
    "@module": "provider.autoflex",
    "autoflex.source.path": "Field1",
    "autoflex.source.type": "github.com/hashicorp/terraform-provider-aws/internal/framework/types.SetNestedObjectValueOf[github.com/hashicorp/terraform-provider-aws/internal/framework/flex.tfSingleStringField]",
    "autoflex.target.path": "Field1",
    "autoflex.target.type": "*github.com/hashicorp/terraform-provider-aws/internal/framework/flex.awsSingleStringValue",
    "xmlWrapper": false,
    "xmlWrapperField": ""
  },
  {
    "@level": "trace",
    "@message": "Matched fields",
    "@module": "provider.autoflex",
    "autoflex.source.fieldname": "Field1",
    "autoflex.source.path": "Field1[0]",
    "autoflex.source.type": "github.com/hashicorp/terraform-provider-aws/internal/framework/flex.tfSingleStringField",
    "autoflex.target.fieldname": "Field1",
    "autoflex.target.path": "Field1",
    "autoflex.target.type": "*github.com/hashicorp/terraform-provider-aws/internal/framework/flex.awsSingleStringValue"
  },
  {
    "@level": "info",
    "@message": "Converting",
    "@module": "provider.autoflex",
    "autoflex.source.path": "Field1[0].Field1",
    "autoflex.source.type": "github.com/hashicorp/terraform-plugin-framework/types/basetypes.StringValue",
    "autoflex.target.path": "Field1.Field1",
    "autoflex.target.type": "string"
  }
]